"blank"				"=========================="
"blank"				"Movement Commands"
"blank"				"=========================="
"+forward"			"Move forward"
"+back"				"Move back"
"+left"				"Turn left"
"+right"			"Turn right"
"+moveleft"			"Move left (strafe)"
"+moveright"			"Move right (strafe)"
"+jump"				"Jump"
"+duck"				"Duck"
"+moveup"			"Swim up"
"+movedown"			"Swim down"
"+lookup"			"Look up"
"+lookdown"			"Look down"
"centerview"			"Look straight ahead"
"+strafe"			"Strafe modifier"
"+speed"             		"Walk"
"+sprint;-sprint"		"Sprint"
"blank"				"=========================="
"blank"				"Combat Commands"
"blank"				"=========================="
"+attack"			"Primary attack"
"+attack2"			"Secondary attack"
"+reload"			"Reload weapon"
"slot1"				"Weapon category 1"
"slot2"				"Weapon category 2"
"slot3" 			"Weapon category 3"
"slot4"				"Weapon category 4"
"slot5"				"Weapon category 5"
"slot6"				"Weapon category 6"
"slot7"				"Weapon category 7"
"slot8"				"Weapon category 8"
"slot9"				"Weapon category 9"
"slot10"			"Weapon category 10"
"invprev"			"Previous weapon"
"invnext"			"Next weapon"
"lastinv"			"Last used weapon"
"blank"				"=========================="
"blank"				"Firearms Commands"
"blank"				"=========================="
"usebandage"			"Apply bandage"
"firemode"			"Toggle weapon fire mode"
"bipod"			"Toggle bipod (deploy/retire)"
"useskill"			"Bring up Use Skills menu"
"showskills"			"Show Available Skills"
"useskill treat"		"Treat a wounded soldier"
"useskill marker"		"Request artillery fire"
"useskill hospice"		"Set up a hospice"
"prone"				"Toggle prone position"
"radio"				"Bring up Radio/Voice Menu"
"+use"				"Use item (mortars, ammo crates)"
"dropitem"			"Drop item (case, flag)"
"mergeclips"			"Merge partially used magazines"
"impulse 102"			"Toggle night vision goggles"
"bfinfo"			"Toggle battlefield information HUD"
"+commandmenu"			"Command Menu"
"blank"				"=========================="
"blank"				"Communication Commands"
"blank"				"=========================="
"+voicerecord"			"Use voice communication"
"messagemode"			"Chat message"
"messagemode2"			"Team message"
"blank"				"=========================="
"blank"				"Other Commands"
"blank"				"=========================="
"changeteam"			"Change team"
"customize"			"Customize character appearance"
"impulse 201"			"Spray logo"
"+showscores"			"Display multiplayer scores"
"snapshot"			"Take screen shot"
"pause"				"Pause game"
"quit"				"Quit game"